/usr/local/lib/python3.12/dist-packages/timm/models/layers/__init__.py:49: FutureWarning: Importing from timm.models.layers is deprecated, please import via timm.layers
  warnings.warn(f"Importing from {__name__} is deprecated, please import via timm.layers", FutureWarning)
[volet-B] 16:49:45 extracteur : 64 bits, entraine en 256 px
Warning: You are sending unauthenticated requests to the HF Hub. Please set a HF_TOKEN to enable higher rate limits and faster downloads.
[volet-B] 16:49:47 autoregressif : 256 px, latent (1, 256, 16, 16)
[distseal] 16:49:47 etages conditionnables : [512, 128, 3]
[distseal] 16:49:47 conditionneur charge : 12 tenseurs, pas 60000
[distseal] 16:49:47 decodeur affine restaure : 88/88 tenseurs modifies
[volet-B] 16:49:47 20 conditions : aucune, jpeg_q90, jpeg_q70, jpeg_q50, jpeg_q30, flou_k3, flou_k5, flou_k7, resize_0.75, resize_0.5, crop_0.9, crop_0.7, crop_0.5, lumin_0.8, lumin_1.2, contraste_0.8, contraste_1.2, bruit_std0.02, bruit_std0.05, bruit_std0.1
Using cache found in /root/.cache/torch/hub/facebookresearch_dinov2_main
/root/.cache/torch/hub/facebookresearch_dinov2_main/dinov2/layers/swiglu_ffn.py:51: UserWarning: xFormers is not available (SwiGLU)
  warnings.warn("xFormers is not available (SwiGLU)")
/root/.cache/torch/hub/facebookresearch_dinov2_main/dinov2/layers/attention.py:33: UserWarning: xFormers is not available (Attention)
  warnings.warn("xFormers is not available (Attention)")
/root/.cache/torch/hub/facebookresearch_dinov2_main/dinov2/layers/block.py:40: UserWarning: xFormers is not available (Block)
  warnings.warn("xFormers is not available (Block)")
[distseal] 16:49:49 protocole crypto : cle derivee de "createur-0042", hash DINOv2 256 bits, tau=69, registre /workspace/runs/cloture/volet_b_autoregressif/registre.sqlite
[volet-B] 16:49:49 5000 traitements sur 12025 images distinctes
[volet-B] 16:49:51   16/5000  7.9 img/s  reste ~11 min
[volet-B] 16:50:34   336/5000  7.5 img/s  reste ~10 min
[volet-B] 16:51:15   656/5000  7.6 img/s  reste ~9 min
[volet-B] 16:51:50   976/5000  8.1 img/s  reste ~8 min
[volet-B] 16:52:31   1296/5000  8.0 img/s  reste ~8 min
[volet-B] 16:53:14   1616/5000  7.9 img/s  reste ~7 min
[volet-B] 16:53:55   1936/5000  7.9 img/s  reste ~6 min
[volet-B] 16:54:34   2256/5000  7.9 img/s  reste ~6 min
[volet-B] 16:55:17   2576/5000  7.9 img/s  reste ~5 min
[volet-B] 16:56:06   2896/5000  7.7 img/s  reste ~5 min
[volet-B] 16:56:49   3216/5000  7.7 img/s  reste ~4 min
[volet-B] 16:57:32   3536/5000  7.7 img/s  reste ~3 min
[volet-B] 16:58:18   3856/5000  7.6 img/s  reste ~3 min
[volet-B] 16:59:05   4176/5000  7.5 img/s  reste ~2 min
[volet-B] 16:59:51   4496/5000  7.5 img/s  reste ~1 min
[volet-B] 17:00:37   4816/5000  7.4 img/s  reste ~0 min
[volet-B] 17:01:01   5000/5000  7.4 img/s  reste ~0 min

======================================================================================
VOLET B -- decodeur conditionne, famille autoregressif, source encode
======================================================================================
attaque                      n   bit_acc  err moy   verdicts  hash<=tau
--------------------------------------------------------------------------------------
aucune                    5000    0.8770     7.87     96.0%     100.0%
jpeg_q90                  5000    0.8175    11.68     72.5%     100.0%
jpeg_q70                  5000    0.7997    12.82     59.4%     100.0%
jpeg_q50                  5000    0.7826    13.91     46.1%      99.9%
jpeg_q30                  5000    0.7456    16.28     21.2%      99.3%
flou_k3                   5000    0.7030    19.01      4.9%     100.0%
flou_k5                   5000    0.6026    25.43      0.1%     100.0%
flou_k7                   5000    0.5448    29.13      0.0%      99.9%
resize_0.75               5000    0.6896    19.87      2.8%     100.0%
resize_0.5                5000    0.5606    28.12      0.0%      99.9%
crop_0.9                  5000    0.5435    29.21      0.0%      99.9%
crop_0.7                  5000    0.5164    30.95      0.0%      90.9%
crop_0.5                  5000    0.5023    31.85      0.0%      37.2%
lumin_0.8                 5000    0.8089    12.23     67.3%     100.0%
lumin_1.2                 5000    0.8295    10.91     78.1%     100.0%
contraste_0.8             5000    0.8021    12.67     62.4%     100.0%
contraste_1.2             5000    0.8512     9.52     89.0%     100.0%
bruit_std0.02             5000    0.8717     8.21     95.4%     100.0%
bruit_std0.05             5000    0.8401    10.23     84.5%      99.9%
bruit_std0.1              5000    0.7427    16.47     21.1%      95.8%
--------------------------------------------------------------------------------------
  5000 traitements sur 12025 images distinctes, 20 conditions, 11.2 min
  registre : /workspace/runs/cloture/volet_b_autoregressif/registre.sqlite
======================================================================================
[volet-B] 17:01:01 bilan ecrit dans /workspace/runs/cloture/volet_b_autoregressif/volet_b_autoregressif_encode.json
