/usr/local/lib/python3.12/dist-packages/timm/models/layers/__init__.py:49: FutureWarning: Importing from timm.models.layers is deprecated, please import via timm.layers
  warnings.warn(f"Importing from {__name__} is deprecated, please import via timm.layers", FutureWarning)
[volet-B] 16:23:52 extracteur : 64 bits, entraine en 256 px
Warning: You are sending unauthenticated requests to the HF Hub. Please set a HF_TOKEN to enable higher rate limits and faster downloads.
warning: dist not init
0
len(val_dataset)=50000
len(test_dataset)=50000
/workspace/code-memoire/deps/efficientvit/diffusioncore/models/uvit.py:249: RuntimeWarning: divide by zero encountered in divide
  self.snr = self.cum_alphas / self.cum_betas
[volet-B] 16:24:28 diffusion : 512 px, latent (1, 128, 8, 8)
[distseal] 16:24:28 etages conditionnables : [2048, 1024, 1024, 512, 512, 256]
[distseal] 16:24:35 conditionneur charge : 18 tenseurs, pas 20000
[distseal] 16:24:35 decodeur affine restaure : 224/224 tenseurs modifies
[volet-B] 16:24:36 20 conditions : aucune, jpeg_q90, jpeg_q70, jpeg_q50, jpeg_q30, flou_k3, flou_k5, flou_k7, resize_0.75, resize_0.5, crop_0.9, crop_0.7, crop_0.5, lumin_0.8, lumin_1.2, contraste_0.8, contraste_1.2, bruit_std0.02, bruit_std0.05, bruit_std0.1
Using cache found in /root/.cache/torch/hub/facebookresearch_dinov2_main
/root/.cache/torch/hub/facebookresearch_dinov2_main/dinov2/layers/swiglu_ffn.py:51: UserWarning: xFormers is not available (SwiGLU)
  warnings.warn("xFormers is not available (SwiGLU)")
/root/.cache/torch/hub/facebookresearch_dinov2_main/dinov2/layers/attention.py:33: UserWarning: xFormers is not available (Attention)
  warnings.warn("xFormers is not available (Attention)")
/root/.cache/torch/hub/facebookresearch_dinov2_main/dinov2/layers/block.py:40: UserWarning: xFormers is not available (Block)
  warnings.warn("xFormers is not available (Block)")
[distseal] 16:24:37 protocole crypto : cle derivee de "createur-0042", hash DINOv2 256 bits, tau=69, registre /workspace/runs/cloture/volet_b_diffusion/registre.sqlite
[volet-B] 16:24:37 5000 traitements sur 12025 images distinctes
[volet-B] 16:24:42   8/5000  1.9 img/s  reste ~44 min
[volet-B] 16:25:26   168/5000  3.5 img/s  reste ~23 min
[volet-B] 16:26:06   328/5000  3.7 img/s  reste ~21 min
[volet-B] 16:26:50   488/5000  3.7 img/s  reste ~20 min
[volet-B] 16:27:35   648/5000  3.7 img/s  reste ~20 min
[volet-B] 16:28:18   808/5000  3.7 img/s  reste ~19 min
[volet-B] 16:29:10   968/5000  3.5 img/s  reste ~19 min
[volet-B] 16:30:01   1128/5000  3.5 img/s  reste ~19 min
[volet-B] 16:30:47   1288/5000  3.5 img/s  reste ~18 min
[volet-B] 16:31:34   1448/5000  3.5 img/s  reste ~17 min
[volet-B] 16:32:25   1608/5000  3.4 img/s  reste ~16 min
[volet-B] 16:33:24   1768/5000  3.4 img/s  reste ~16 min
[volet-B] 16:34:14   1928/5000  3.3 img/s  reste ~15 min
[volet-B] 16:35:09   2088/5000  3.3 img/s  reste ~15 min
[volet-B] 16:36:00   2248/5000  3.3 img/s  reste ~14 min
[volet-B] 16:36:45   2408/5000  3.3 img/s  reste ~13 min
[volet-B] 16:37:31   2568/5000  3.3 img/s  reste ~12 min
[volet-B] 16:38:30   2728/5000  3.3 img/s  reste ~12 min
[volet-B] 16:39:20   2888/5000  3.3 img/s  reste ~11 min
[volet-B] 16:40:09   3048/5000  3.3 img/s  reste ~10 min
[volet-B] 16:40:53   3208/5000  3.3 img/s  reste ~9 min
[volet-B] 16:41:39   3368/5000  3.3 img/s  reste ~8 min
[volet-B] 16:42:22   3528/5000  3.3 img/s  reste ~7 min
[volet-B] 16:43:13   3688/5000  3.3 img/s  reste ~7 min
[volet-B] 16:43:56   3848/5000  3.3 img/s  reste ~6 min
[volet-B] 16:44:46   4008/5000  3.3 img/s  reste ~5 min
[volet-B] 16:45:27   4168/5000  3.3 img/s  reste ~4 min
[volet-B] 16:46:10   4328/5000  3.3 img/s  reste ~3 min
[volet-B] 16:46:59   4488/5000  3.3 img/s  reste ~3 min
[volet-B] 16:47:48   4648/5000  3.3 img/s  reste ~2 min
[volet-B] 16:48:34   4808/5000  3.3 img/s  reste ~1 min
[volet-B] 16:49:17   4968/5000  3.4 img/s  reste ~0 min
[volet-B] 16:49:26   5000/5000  3.4 img/s  reste ~0 min

======================================================================================
VOLET B -- decodeur conditionne, famille diffusion, source encode
======================================================================================
attaque                      n   bit_acc  err moy   verdicts  hash<=tau
--------------------------------------------------------------------------------------
aucune                    5000    0.9741     1.66    100.0%     100.0%
jpeg_q90                  5000    0.9695     1.95    100.0%     100.0%
jpeg_q70                  5000    0.9685     2.02    100.0%     100.0%
jpeg_q50                  5000    0.9677     2.07    100.0%     100.0%
jpeg_q30                  5000    0.9656     2.20    100.0%     100.0%
flou_k3                   5000    0.9647     2.26    100.0%     100.0%
flou_k5                   5000    0.9408     3.79    100.0%     100.0%
flou_k7                   5000    0.8961     6.65     99.3%     100.0%
resize_0.75               5000    0.9608     2.51    100.0%     100.0%
resize_0.5                5000    0.9191     5.18     99.9%     100.0%
crop_0.9                  5000    0.5785    26.98      0.0%      99.9%
crop_0.7                  5000    0.5297    30.10      0.0%      92.7%
crop_0.5                  5000    0.5013    31.92      0.0%      55.4%
lumin_0.8                 5000    0.9423     3.69    100.0%     100.0%
lumin_1.2                 5000    0.9346     4.19     92.8%     100.0%
contraste_0.8             5000    0.9364     4.07    100.0%     100.0%
contraste_1.2             5000    0.9643     2.28     99.4%     100.0%
bruit_std0.02             5000    0.9736     1.69    100.0%     100.0%
bruit_std0.05             5000    0.9718     1.81    100.0%     100.0%
bruit_std0.1              5000    0.9627     2.39    100.0%      99.8%
--------------------------------------------------------------------------------------
  5000 traitements sur 12025 images distinctes, 20 conditions, 24.8 min
  registre : /workspace/runs/cloture/volet_b_diffusion/registre.sqlite
======================================================================================
[volet-B] 16:49:26 bilan ecrit dans /workspace/runs/cloture/volet_b_diffusion/volet_b_diffusion_encode.json
