/usr/local/lib/python3.12/dist-packages/timm/models/layers/__init__.py:49: FutureWarning: Importing from timm.models.layers is deprecated, please import via timm.layers
  warnings.warn(f"Importing from {__name__} is deprecated, please import via timm.layers", FutureWarning)
[volet-B] 14:00:57 extracteur : 64 bits, entraine en 256 px
warning: dist not init
0
len(val_dataset)=50000
len(test_dataset)=50000
Warning: You are sending unauthenticated requests to the HF Hub. Please set a HF_TOKEN to enable higher rate limits and faster downloads.
/workspace/code-memoire/deps/efficientvit/diffusioncore/models/uvit.py:249: RuntimeWarning: divide by zero encountered in divide
  self.snr = self.cum_alphas / self.cum_betas
[volet-B] 14:01:32 diffusion : 512 px, latent (1, 128, 8, 8)
[distseal] 14:01:32 etages conditionnables : [2048, 1024, 1024, 512, 512, 256]
[distseal] 14:01:40 conditionneur charge : 18 tenseurs, pas 20000
[distseal] 14:01:40 decodeur affine restaure : 224/224 tenseurs modifies
[volet-B] 14:01:40 20 conditions : aucune, jpeg_q90, jpeg_q70, jpeg_q50, jpeg_q30, flou_k3, flou_k5, flou_k7, resize_0.75, resize_0.5, crop_0.9, crop_0.7, crop_0.5, lumin_0.8, lumin_1.2, contraste_0.8, contraste_1.2, bruit_std0.02, bruit_std0.05, bruit_std0.1
Using cache found in /root/.cache/torch/hub/facebookresearch_dinov2_main
/root/.cache/torch/hub/facebookresearch_dinov2_main/dinov2/layers/swiglu_ffn.py:51: UserWarning: xFormers is not available (SwiGLU)
  warnings.warn("xFormers is not available (SwiGLU)")
/root/.cache/torch/hub/facebookresearch_dinov2_main/dinov2/layers/attention.py:33: UserWarning: xFormers is not available (Attention)
  warnings.warn("xFormers is not available (Attention)")
/root/.cache/torch/hub/facebookresearch_dinov2_main/dinov2/layers/block.py:40: UserWarning: xFormers is not available (Block)
  warnings.warn("xFormers is not available (Block)")
[distseal] 14:01:43 protocole crypto : cle derivee de "createur-0042", hash DINOv2 256 bits, tau=69, registre /workspace/runs/cloture/volet_b_diffusion_generee/registre.sqlite
[volet-B] 14:01:43 1000 traitements sur 12025 images distinctes
/usr/local/lib/python3.12/dist-packages/torch/_dynamo/eval_frame.py:929: UserWarning: torch.utils.checkpoint: the use_reentrant parameter should be passed explicitly. In version 2.5 we will raise an exception if use_reentrant is not passed. use_reentrant=False is recommended, but if you need to preserve the current default behavior, you can pass use_reentrant=True. Refer to docs for more details on the differences between the two variants.
  return fn(*args, **kwargs)
/usr/local/lib/python3.12/dist-packages/torch/utils/checkpoint.py:85: UserWarning: None of the inputs have requires_grad=True. Gradients will be None
  warnings.warn(
[volet-B] 14:01:50   8/1000  1.1 img/s  reste ~16 min
/usr/local/lib/python3.12/dist-packages/torch/_dynamo/eval_frame.py:929: UserWarning: torch.utils.checkpoint: the use_reentrant parameter should be passed explicitly. In version 2.5 we will raise an exception if use_reentrant is not passed. use_reentrant=False is recommended, but if you need to preserve the current default behavior, you can pass use_reentrant=True. Refer to docs for more details on the differences between the two variants.
  return fn(*args, **kwargs)
/usr/local/lib/python3.12/dist-packages/torch/utils/checkpoint.py:85: UserWarning: None of the inputs have requires_grad=True. Gradients will be None
  warnings.warn(
[volet-B] 14:04:01   168/1000  1.2 img/s  reste ~11 min
[volet-B] 14:06:18   328/1000  1.2 img/s  reste ~9 min
[volet-B] 14:08:37   488/1000  1.2 img/s  reste ~7 min
[volet-B] 14:10:59   648/1000  1.2 img/s  reste ~5 min
[volet-B] 14:13:18   808/1000  1.2 img/s  reste ~3 min
[volet-B] 14:15:30   968/1000  1.2 img/s  reste ~0 min
[volet-B] 14:15:56   1000/1000  1.2 img/s  reste ~0 min

======================================================================================
VOLET B -- decodeur conditionne, famille diffusion, source genere
======================================================================================
attaque                      n   bit_acc  err moy   verdicts  hash<=tau
--------------------------------------------------------------------------------------
aucune                    1000    0.9720     1.79    100.0%     100.0%
jpeg_q90                  1000    0.9677     2.07    100.0%     100.0%
jpeg_q70                  1000    0.9664     2.15    100.0%     100.0%
jpeg_q50                  1000    0.9653     2.22    100.0%     100.0%
jpeg_q30                  1000    0.9628     2.38    100.0%     100.0%
flou_k3                   1000    0.9635     2.34    100.0%     100.0%
flou_k5                   1000    0.9397     3.86    100.0%     100.0%
flou_k7                   1000    0.8933     6.83     99.2%     100.0%
resize_0.75               1000    0.9597     2.58    100.0%     100.0%
resize_0.5                1000    0.9171     5.31     99.9%     100.0%
crop_0.9                  1000    0.5766    27.09      0.0%     100.0%
crop_0.7                  1000    0.5273    30.25      0.0%      96.1%
crop_0.5                  1000    0.5000    32.00      0.0%      62.2%
lumin_0.8                 1000    0.9435     3.62    100.0%     100.0%
lumin_1.2                 1000    0.9365     4.07     93.9%     100.0%
contraste_0.8             1000    0.9382     3.96    100.0%     100.0%
contraste_1.2             1000    0.9628     2.38     99.4%     100.0%
bruit_std0.02             1000    0.9720     1.79    100.0%     100.0%
bruit_std0.05             1000    0.9698     1.93    100.0%     100.0%
bruit_std0.1              1000    0.9612     2.48    100.0%      99.9%
--------------------------------------------------------------------------------------
  1000 traitements sur 12025 images distinctes, 20 conditions, 14.2 min
  registre : /workspace/runs/cloture/volet_b_diffusion_generee/registre.sqlite
======================================================================================
[volet-B] 14:15:56 bilan ecrit dans /workspace/runs/cloture/volet_b_diffusion_generee/volet_b_diffusion_genere.json
