/usr/local/lib/python3.12/dist-packages/timm/models/layers/__init__.py:49: FutureWarning: Importing from timm.models.layers is deprecated, please import via timm.layers
  warnings.warn(f"Importing from {__name__} is deprecated, please import via timm.layers", FutureWarning)
[volet-B] 13:52:01 extracteur : 64 bits, entraine en 256 px
Warning: You are sending unauthenticated requests to the HF Hub. Please set a HF_TOKEN to enable higher rate limits and faster downloads.
warning: dist not init
0
len(val_dataset)=50000
len(test_dataset)=50000
/workspace/code-memoire/deps/efficientvit/diffusioncore/models/uvit.py:249: RuntimeWarning: divide by zero encountered in divide
  self.snr = self.cum_alphas / self.cum_betas
[volet-B] 13:52:40 diffusion : 512 px, latent (1, 128, 8, 8)
[distseal] 13:52:40 etages conditionnables : [2048, 1024, 1024, 512, 512, 256]
[distseal] 13:52:47 conditionneur charge : 18 tenseurs, pas 20000
[distseal] 13:52:47 decodeur affine restaure : 224/224 tenseurs modifies
[volet-B] 13:52:47 20 conditions : aucune, jpeg_q90, jpeg_q70, jpeg_q50, jpeg_q30, flou_k3, flou_k5, flou_k7, resize_0.75, resize_0.5, crop_0.9, crop_0.7, crop_0.5, lumin_0.8, lumin_1.2, contraste_0.8, contraste_1.2, bruit_std0.02, bruit_std0.05, bruit_std0.1
Using cache found in /root/.cache/torch/hub/facebookresearch_dinov2_main
/root/.cache/torch/hub/facebookresearch_dinov2_main/dinov2/layers/swiglu_ffn.py:51: UserWarning: xFormers is not available (SwiGLU)
  warnings.warn("xFormers is not available (SwiGLU)")
/root/.cache/torch/hub/facebookresearch_dinov2_main/dinov2/layers/attention.py:33: UserWarning: xFormers is not available (Attention)
  warnings.warn("xFormers is not available (Attention)")
/root/.cache/torch/hub/facebookresearch_dinov2_main/dinov2/layers/block.py:40: UserWarning: xFormers is not available (Block)
  warnings.warn("xFormers is not available (Block)")
[distseal] 13:52:49 protocole crypto : cle derivee de "createur-0042", hash DINOv2 256 bits, tau=69, registre /workspace/runs/cloture/volet_b_diffusion/registre.sqlite
[volet-B] 13:52:50 1000 traitements sur 12025 images distinctes
[volet-B] 13:52:53   8/1000  2.1 img/s  reste ~8 min
[volet-B] 13:53:44   168/1000  3.1 img/s  reste ~4 min
[volet-B] 13:54:35   328/1000  3.1 img/s  reste ~4 min
[volet-B] 13:55:22   488/1000  3.2 img/s  reste ~3 min
[volet-B] 13:56:10   648/1000  3.2 img/s  reste ~2 min
[volet-B] 13:57:02   808/1000  3.2 img/s  reste ~1 min
[volet-B] 13:57:47   968/1000  3.3 img/s  reste ~0 min
[volet-B] 13:57:56   1000/1000  3.3 img/s  reste ~0 min

======================================================================================
VOLET B -- decodeur conditionne, famille diffusion, source encode
======================================================================================
attaque                      n   bit_acc  err moy   verdicts  hash<=tau
--------------------------------------------------------------------------------------
aucune                    1000    0.9734     1.71    100.0%     100.0%
jpeg_q90                  1000    0.9695     1.95    100.0%     100.0%
jpeg_q70                  1000    0.9685     2.02    100.0%     100.0%
jpeg_q50                  1000    0.9678     2.06    100.0%     100.0%
jpeg_q30                  1000    0.9659     2.18    100.0%     100.0%
flou_k3                   1000    0.9645     2.27    100.0%     100.0%
flou_k5                   1000    0.9406     3.80    100.0%     100.0%
flou_k7                   1000    0.8970     6.59     99.2%     100.0%
resize_0.75               1000    0.9605     2.53    100.0%     100.0%
resize_0.5                1000    0.9195     5.15    100.0%     100.0%
crop_0.9                  1000    0.5777    27.03      0.0%     100.0%
crop_0.7                  1000    0.5310    30.01      0.0%      91.6%
crop_0.5                  1000    0.4981    32.12      0.0%      55.0%
lumin_0.8                 1000    0.9409     3.78    100.0%     100.0%
lumin_1.2                 1000    0.9320     4.35     92.8%     100.0%
contraste_0.8             1000    0.9360     4.10    100.0%     100.0%
contraste_1.2             1000    0.9653     2.22     99.8%     100.0%
bruit_std0.02             1000    0.9733     1.71    100.0%     100.0%
bruit_std0.05             1000    0.9716     1.82    100.0%     100.0%
bruit_std0.1              1000    0.9627     2.38    100.0%      99.6%
--------------------------------------------------------------------------------------
  1000 traitements sur 12025 images distinctes, 20 conditions, 5.1 min
  registre : /workspace/runs/cloture/volet_b_diffusion/registre.sqlite
======================================================================================
[volet-B] 13:57:56 bilan ecrit dans /workspace/runs/cloture/volet_b_diffusion/volet_b_diffusion_encode.json
